
> game-canvas@0.0.0 build
> tsc -b && vite build

[36mvite v7.3.1 [32mbuilding client environment for production...[36m[39m
transforming...
[32mÔ£ô[39m 2165 modules transformed.
rendering chunks...
computing gzip size...
[2mdist/[22m[32mindex.html                 [39m[1m[2m  0.45 kB[22m[1m[22m[2m Ôöé gzip:   0.29 kB[22m
[2mdist/[22m[35massets/index-CES9VkUH.css  [39m[1m[2m 41.28 kB[22m[1m[22m[2m Ôöé gzip:   7.57 kB[22m
[2mdist/[22m[36massets/index-K_KyQ6oW.js   [39m[1m[33m822.92 kB[39m[22m[2m Ôöé gzip: 256.42 kB[22m
node.exe : [33m
No linha:1 caractere:1
+ & "C:\Program 
Files\nodejs/node.exe" "C:\Program 
Files\nodejs/node_mo ...
+ ~~~~~~~~~~~~~~~~~~~~~~~~~~~~~~~~~~
~~~~~~~~~~~~~~~~~~~~~~~~~~~~~~~~~~~
    + CategoryInfo          : NotSp 
   ecified: ([33m:String) [], Rem  
  oteException
    + FullyQualifiedErrorId : Nativ 
   eCommandError
 
(!) Some chunks are larger than 500 
kB after minification. Consider:
- Using dynamic import() to 
code-split the application
- Use build.rollupOptions.output.man
ualChunks to improve chunking: https
://rollupjs.org/configuration-option
s/#output-manualchunks
- Adjust chunk size limit for this 
warning via 
build.chunkSizeWarningLimit.[39m
[32mÔ£ô built in 5.01s[39m
